[grid]

  size: (100 x 75)
  encodings: LAVA(L) PLANK(p) GRASS(g) TREE(T) TREES(E) FLOWER(f) WALL(W)
    ROCK(R) LILY(l) FENCE(F) WATER(Z) HUSK(H) HUSKS(I) ROAD(r) HOUSE(h) TRACK(i)
    REED(D) SIGN(S) ALGAE(A) TILE(t) TOWER (G) GATE(Y) FOLIAGE(N) PILLAR(P) STUMP(x)
    BRICK(K) DOOR(O) RUBBLE(Q) CLIFF(c) BOG(o) BOLT(B) SPIKE(s) STATUE(U) GEM(M)
   
  data: """
  WWWWWWWWWWWWLLLLLWWWWWWWWWWWWWWWWWWWWWWWWWWLLLLLWWWWWWWWWWWWWWWWWWWWWWWWWWWWWWWWWWWWWWWWWWWWWWWWWWWW
  W                                          LLLLLDZZZZZZZZZZZZZZZW  PWWWWWWWPWWWP          GWWWWWWW W
  W                                          LLLLL  ZZZZZZZZZZcZZZWW         WWWWPWWWWWP PWWWPWWWWPP W
  W                                ss         LLL         ZZZZZZZZWPWWWWWWWP WWWWW       WWWWWWWWWW  W
  W                           ss   ss          L             ZZZZZWWWWWWWWWW WWWWW PWWWWPPWWWWWWWWW PW
  W                           sssssss                         ZZZZWWPWWWWWWP WWWWW      WWWWWWWWWWW WW
  W                              s ss                         ZZZZWWW        WWWWPWWWWP WWWWWWWWWWW WW
  W                             ssssss          T             lZZZWWW PWWWWP PWWWWWWWWP PPWWWPWWWWP WW
  W                             ssssssss WWW     E          TEZZZAWWW WWWWWW             WWWWW      WW
  W                                        WWWW                ttUWWW WWWWWPWWWWWWWWWWWWWPWWWW PWWWWPW
  W     WWWW                     WWWWWWWW     WWW             WUtUWWW WPWWWPWWWWWPWWWWWPWWWWPW WWWWWWW
  W     W   WW                   W   WWWWWWWWW                WUtUWWW WW         WWWWWWW    WW WWWWWWW
  W WWWWWBW                      W                            WUtUWWW WWWWWP PWP WWWWWWW PP WW WWWWWWW
  W      WWWWWWWWWWWWWWWWWWWWWWWWW                            WUtUWWW WWWWWW WPW PWWWWWP WW WW WWWWWWW
  W                                        ftt               WUttUWWW WWWWWW WPW         WW PP WWWWWWW
  W                                         tt              WUttUWWWW PWWWWP WWPWWWWP PWWWP    WWWWWWW
  W             h                                        WWWWUtttUWWW        WWWWWWWW WWWWPWWWWPWWWWWW
  W            FF FFFF                                   WMMWUtttUWWPWWWWWWWWPWWWWWWW WWWWWWWWWWWWWWWW
  W              rrrrr                                   WMMWUtttUWPWWWWWWWWWWWWWWWWP PWWWWWWWWWWWWWWW
  W                                                      WMMWUtttUW                                  W
  W                                   D                  WWOWUtttUW                                  W
  WR       DDD     EETET             DZZZl              WUtttUtttUW            iiiii                 W
  WWWWWWtWWWWWWWWYWWWWWWWWWWWWWWWWWWWWWWWWWWWWWWWWWWWWWWWUtttUtttUW           ii   i                 W
  W                                              f      WUtttUtttUW          ii    i                 W
  W             S                                       WUtttUtttUWFFFF      i     i        iiiii    W
  W                                                     WUtttUtttUW   F      ii    i   iiiiii   i    W
  W                                                      HttttttttW   iiii    ii   i   i       ii    W
  WUUUU                              IH                  IItttttttW   F  i     i   iiiii       i  FFFW
  WWWWU                             IH                            WFFFF  iiiiiii               i  F  W
  W  U                                 I                          W                            iiii  W
  W                                                               W                               F  W
  W  U                                                            W                               FFFW
  W  WU                    E                                      W                                  W
  WWWWU                    hEE                                    W                                  W
  WUUUU                                          WWWWWWWWWtWWWWWWWW                                  W
  W                                              WttttttttttttttttW                                  W
  W                                    g         WttttttttttttttttW                                  W
  W                                     g        WttttttttttttttttW                                  W
  W        FFFFF                                 WttttttttttttttttW                                  W
  W        F                       WWWWWWWWWWOWWWWttttttttttttttttW                                  W
  W        F    F                  WttttttttttttttttttttttttttttttW                                  W
  W        F    F                  Wttttttttttttttttttttttttttttttt                                  W
  W        FFFFFQ                  WttttttttttttttttttttttttttttttW                                  W
  W                                YttttttttttttttttttttttttttttttW                                  W
  W                                WttttttttttttttttttttttttttttttW                                  W
  WW                               WttttttttttttttttttttttttttttttW                                  W
  W                                WWWWWWWWWWWWWWWWWWWWWWWWWWWWWWWW                                  W
  W                                                                                                  W
  W                                                                                          N       W
  W                     DD DDDDD D                                                         EENEEE    W
  W                D DDDDDDDDDDDDDD DDDDD                                                EEEENEEEEEEEW
  W             DDDDDDDDDDDDDDDDDDDDDDDDDD             cc                              ETEEEENEEEEEEEW
  W            D DDDDFFFFFFFD FFFFFFFFDDD             cccc                           EEEEEEETNEEEEEEEW
  W           DDDDDDDFDDDDDhrrhDDDDDDFD DD           ccGfcc                        ETEEEETETENETEETEEW
  W           DDDDDDDFhhhhhDrrhDhDhhDFDDDD            cccc                       EENNNNNNNNNNNEEETTEEW
  W          D DDDDDD rrrrrrrrrrrrrrr DD D             cc                       EEENTTEETETETEETTETETW
  W          DDDDDDD Drrrrrrrrrrrrrrr DDD                                     TEEETNEEEETETETEETETETEW
  W           DDDD DDFhhrrhhDDhhrrhhhFDD D                                   EEEEEENNEEEEETTTETEEEEEEW
  W          DDDDDDDDFDhrrhDDDDhrrDDDFDDD                                   EEEEEETTNNEETETENNNNEEEEEW
  W         DDD DDD DFFFDDFFFFFF DFFFFDDDDD                                ETEETEEEEENNNNNNNNETNEEEEEW
  W           DDDDDDDDDDDDDDDDDDDDDDDDDDD                                EEEEEEEEEETTEETETEETNNNEEEEEW
  W            DDDDD D DDDDDDDDD DDDDDDD                                EEEEEEEEEEEEEETETETEENTEETEETW
  W              D DDDDDDDDDDDDDDD D D                                ETEEEEEEETEEEEETETEEEENNEEETETEW
  W                 D DD    D  D                                    EEEETETTTTEEEEEEENNNNNNNNNETETEEEW
  W                                                                EETEEEETTEEEEEEETNNNNNNNNNETEEEEEEW
  W                                                               EEEETTTETEEEETEENNNEEETEEEEETEEEEEEW
  W                                                               EEEEEEEEETTTTEETNEEENNNNNNNNNNNEEEEW
  W                                                              EEEEEEEEEEEggggggNETENEEEEEEETTNTTEEW
  W                          ooo                                EEEETTTEEETTEEEEEENNNENETEEEENNNNEEETW
  WQQQQQQ                  oooooo                              EEEETTEEETETETEEEEEEENNNEEENNNNTTTTEEEW
  WQQHHHQQ                oooxxxoo                            NNNNNNNNNNNNNNNNETEEEEEEEEEENETTEEEEEEEW
  WQQHHHQQQQ             oooxoxoxoo                            ETEEEETEEETTEENNNTEEENNNNNNNTEEEEEEEEEW
  WQHHHHHQQQQQ          oooxxoxxxooo                         EEETTETEEETTETETTENNNNNNTEEETETTEEEEETEEW
  WQQQQQQQQQQQ          oooooooooooo                        EEEEEEEEEEEEEEEEEEEEEEEEEEEEEEEEEEEEEEEEEW
  WWWWWWWWWWWWWWWWWWWWWWWWWWWWWWWWWWWWWWWWWWWWWWWWWWWWWWWWWWWWWWWWWWWWWWWWWWWWWWWWWWWWWWWWWWWWWWWWWWWW
  """
  
[element]
  name: fluffy
  player: true
  skin: BABA
  position: (53, 3)
  health: 10
  
[element]
  name: book
  skin: BOOK
  position: (98,1)
  kind: item
  text: """
  When I greet the world , the world greet me .  - Hello World !  - Hello Charlotte ! 
  """

[element]
  name: sms
  skin: PAPER
  position: (19,55)
  kind: item
  text """
  From Anonymous : Don ' t forget to thanks yours friends .
  """
  
[element]
  name: uselessBagage
  skin: PAPER
  position: (67, 70)
  kind: item
  text """
  Good luck ! ( From your lovely guard )
  """
  
[element]
  name: THIENLOC
  skin: FOFO
  position: (6, 7)
  kind: friend
  health: 10
  text: """
  O hero who have traveled for a long time , your journey hasn ' t ended yet , but fear not , you will be able to find something to help you here .
  """
  
[element]
  name: JieanJipierre
  skin: JIJI
  position: (21,56)
  kind: friend
  health: 10
  text: """
  Be careful at night as the monster get stronger when it ' s night . Wait , what do you mean by there is no night ?
  """ 
  
[element]
  name: PepeKeke
  skin: KEKE
  position: (24,55)
  kind: friend
  health: 1000
  trade: STICK -> KEY, STICK -> LOVE, STICK -> SAX
  text: """
  Want to exchange something kiddo ?
  """
   
[element]
  name: ainsel
  skin: ME
  position:(33,55)
  kind: friend
  health: 999999
  text: """
  Yourself greet you . Why did I say that ? Because ainsel mean myself . That learned that from a story .
  """
    
[element]
  name: ladybug
  skin: BUG
  position: (29,56)
  kind: friend
  health: 1
  trade: SAX -> CASH, PIZZA -> CASH, DONUT -> CASH
  text: """
  I have some goods that might interest you , but that not free .
  """
  
[element]
  name: Guard
  skin: BIRD
  position: (60,69)
  kind: friend
  health: 69
  text: """
  I heard that a sword was hidden in this forest but no one has found it yet , and their is many monster there so gotta be careful . Okay ?
  """
  
[element]
  name: GuardTheLabyrinthFirst
  skin: BAT
  position: (82,19)
  kind: friend
  health: 5000
  text: """
  The Labyrinth is Dangerous . But here live the Sorcerer .
  """
  
[element]
  name: GuardTheLabyrinthSecond
  skin: BAT
  position: (84,19)
  kind: friend
  health: 5000
  text: """
  The Dangerous is Labyrinth . And the sorcerer reside here .
  """
  
[element]
  name: TheSorcerer
  skin: CAT
  position: (89,1)
  kind: friend
  health: 100001
  text: """
  I ' m the sorcerer ( apparently ) .
  """

[element]
  name: Bandit
  skin: CAT
  position: (1,68)
  kind: friend
  health: 50
  trade: CASH -> STICK, CASH -> SHOVEL, CASH -> PIZZA, CRYSTAL -> LAMP, CRYSTAL -> CASH, GEM -> CASH
  text: """
  What do you want ?
  """
  
[element]
  name: SleepyHead
  skin: ANNI
  position: (63,45)
  kind: friend
  health: 500
  text: """
  Hasn ' t slept enough ... Need to sleep ... Twenty - seven hours per day ~~
  """
  
[element]
  name: Messenger
  skin: BIRD
  position: (51,52)
  kind: friend
  health: 50
  text: """
  Oh young one ! The princess is locked in this Tower . And I would like to entrust you with the task of saving her .
  """

[element]
  name: Max
  skin: WORM
  position: (34,40)
  kind: friend
  health: 100
  text: """
  I didn ' t use ChatGPT !
  """
  
[element]
  name: Mei
  skin: ME
  position: (48,36) 
  kind: friend
  health: 500
  trade: PIZZA -> LOVE, PIZZA -> KEY blue, SHOVEL -> CASH, SHOVEL -> LOVE
  text: """
  Hello Traveler , Are you intersted in something ?
  """
  
[element]
  name: PlaceHolder
  skin: IT
  position: (55,3)
  kind: friend
  health: 10
  text: """
  Zzzzzzzzzzzzzzzzzzzzzzzzzzzzzzzzzzzzzzzzzzzzzzzzzzzzzzzzzzzzzzzzzzzzzzzzzzzzzzzzzzzzzzzzzzzzzzzzzzzzzzzzzzzzzzzzz
  """

[element]
  name: durendale
  skin: SWORD
  position: (74,67)
  kind: item
  damage: 50

[element]
  name: money
  skin: CASH
  position: (33,50)
  kind: item

[element]
  name: loveYouAll
  skin: LOVE
  position: (70,11)
  kind: item

[element]
  name: useless
  skin: SAX
  position: (27,72)
  kind: item

[element]
  name: usul
  skin: BOLT
  position: (1,35)
  kind: item
  damage: 15
  
[element]
  name: sticko
  skin: STICK
  position: (1,29)
  kind: item
  damage: 15

[element]
  name: red
  skin: KEY
  position: (86,8)
  kind: item
  
[element]
  name: eman
  skin: SHOVEL
  position: (65,1)
  kind: item
  damage: 5
  
[element]
  name: banana
  skin: PIZZA
  position: (43,10)
  kind: item
  
  [element]
  name: pizza
  skin: BANANA
  position: (10,40)
  kind: item
  
  [element]
  name: chocolat
  skin: FUNGUS
  position: (11,40)
  kind: item
  
  [element]
  name: Marge
  skin: DONUT
  position: (10,41)
  kind: item
  
[element]
  name: surterre
  skin: POTATO
  position: (11,41)
  kind: item
  
[element]
  name: crystal
  skin: CRYSTAL
  position: (8,70)
  kind: item
  
[element]
  name: gem
  skin: GEM
  position: (12,73)
  kind: item

[element]
  name: waldo
  skin: CRAB
  position: (38, 24)
  kind: enemy
  health: 10
  zone: (38, 24) (10 x 8)
  behavior: stroll
  damage: 5
  

[element]
  name: uoy
  skin: BADBAD
  position: (11, 5)
  kind: enemy
  health: 30
  zone: (12, 5) (11 x 4)
  behavior: stroll
  damage: 4

[element]
  name: uoyuoy
  skin: BADBAD
  position: (11, 6)
  kind: enemy
  health: 30
  zone: (12, 6) (11 x 5)
  behavior: stroll
  damage: 4

[element]
  name: uoyuoyuoy
  skin: BADBAD
  position: (12, 6)
  kind: enemy
  health: 30
  zone: (11, 6) (10 x 5)
  behavior: stroll
  damage: 4

[element]
  name: ud
  skin: BADBAD
  position: (4, 5)
  kind: enemy
  health: 30
  zone: (5, 5) (4 x 4)
  behavior: stroll
  damage: 4

[element]
  name: udud
  skin: BADBAD
  position: (1, 9)
  kind: enemy
  health: 30
  zone: (1, 10) (0 x 9)
  behavior: stroll
  damage: 4

[element]
  name: ulul
  skin: BADBAD
  position: (4,66)
  kind: enemy
  health: 25
  zone: (4,66) (3 x 5)
  behavior: stroll
  damage: 8
  
[element]
  name: etto
  skin: MONSTER
  position: (15,70)
  kind: enemy
  health: 50
  zone: (15,70) (4 x 5)
  behavior: agressive
  damage: 15
  
[element]
  name: eya
  skin: GHOST
  position: (45,65)
  kind: enemy
  health: 25
  zone: (45,65) (6 x 6)
  behavior: agressive
  damage: 15
  
[element]
  name: fit
  skin: IT
  position: (44,71)
  kind: enemy
  health: 40
  zone: (44,71) (3 x 6)
  behavior: stroll
  damage: 5
  
[element]
  name: RAWRR
  skin: CAT
  position: (64,50)
  kind: enemy
  health: 75
  zone: (64,50) (7 x 7)
  behavior: agressive
  damage: 40
  
[element]
  name: gapo
  skin: BAT
  position: (65,36)
  kind: enemy
  health: 61
  zone: (65,36) (7 x 7)
  behavior: agressive
  damage: 20
  
[element]
  name: uwu
  skin: KEKE
  position: (81,40)
  kind: enemy
  health: 72
  zone: (81,40) (8 x 6)
  behavior: stroll
  damage: 15
  
[element]
  name: emy
  skin: ANNI
  position: (87,32)
  kind: enemy
  health: 105
  zone: (87,32) (6 x 9)
  behavior: stroll
  damage: 25
  
[element]
  name: fun
  skin: BUNNY
  position: (85,44)
  kind: enemy
  health: 50
  zone: (85,44) (5 x 10)
  behavior: agressive
  damage: 45
  
[element]
  name: boo
  skin: GHOST
  position: (68,33)
  kind: enemy
  health: 85
  zone: (68,33) (12 x 5)
  behavior: stroll
  damage: 7


[element]
  name: Claude
  skin: LIZARD
  position: (90,66)
  kind: enemy
  health: 150
  zone: (84,66) (0 x 11)
  behavior: agressive 
  damage: 7
  
[element]
  name: Devos
  skin: DOG
  position: (77,72)
  kind: enemy
  health: 200
  zone: (77,72) (0 x 6)
  behavior: agressive 
  damage: 5
  
[element]
  name: Liao
  skin: WORM
  position:(88,63)
  kind: enemy
  health: 100
  zone: (83,63) (1 x 8)
  behavior: agressive 
  damage: 15
  
[element]
  name: Manon
  skin: BIRD
  position: (83,59)
  kind: enemy
  health: 150
  zone: (83,59) (0 x 8)
  behavior: agressive 
  damage: 8
  
[element]
  name: Alexandre
  skin: WORM
  position: (91,54)
  kind: enemy
  health: 75
  zone: (80,54) (0 x 11)
  behavior: agressive 
  damage: 10

[element]
  name: Froggy
  skin: FROG
  position: (33,70)
  kind: enemy
  health: 20
  zone: (33,70) (4 x 3)
  behavior: stroll
  damage: 5
  
[element]
  name: Froggya
  skin: FROG
  position: (20,70)
  kind: enemy
  health: 15
  zone: (20,70) (4 x 3)
  behavior: stroll
  damage: 4
  
[element]
  name: Froggounet
  skin: FROG
  position: (26,67)
  kind: enemy
  health: 10
  zone: (24,66) (2 x 5)
  behavior: stroll
  damage: 2
  
[element]
  name: aPasserby
  skin: MONSTER
  position: (69,21)
  kind: enemy
  health: 300
  zone: (69,21) (7 x 59)
  behavior: agressive 
  damage: 30  

[element]
  name: AngryBee
  skin: BEE
  position: (83,25)
  kind: enemy
  health: 100
  zone: (83,25) (5 x 6)
  behavior: agressive 
  damage: 50
  
[element]
  name: Wrath
  skin: SKULL
  position: (66,2)
  kind: enemy
  health: 500
  zone: (66,2) (0 x 8)
  behavior: agressive 
  damage: 80

[element]
  name: SuperBat
  skin: Bat
  position: (67,6)
  kind: enemy
  health: 450
  zone: (67,6) (0 x 7)
  behavior: agressive 
  damage: 60
  
[element]
  name: Golemite
  skin: ROBOT
  position: (71,11)
  kind: enemy
  health: 1000
  zone: (71,11) (0 x 7)
  behavior: agressive 
  damage: 50
  
[element]
  name: Rage
  skin: SKULL
  position: (67,16)
  kind: enemy
  health: 475
  zone: (67,16) (0 x 7)
  behavior: agressive 
  damage: 95
  
[element]
  name: Ghostpel
  skin: GHOST
  position: (78,14)
  kind: enemy
  health: 200
  zone: (78,14) (0 x 8)
  behavior: agressive 
  damage: 100
 
  
[element]
  name: BatBat
  skin: BAT
  position: (92,15)
  kind: enemy
  health: 400
  zone: (92,8) (7 x 0)
  behavior: agressive 
  damage: 75
  
[element]
  name: GhostDebuster
  skin: GHOST
  position: (97,4)
  kind: enemy
  health: 175
  zone: (97,3) (5 x 0)
  behavior: agressive 
  damage: 125
  
[element]
  name: TheGuardian
  skin: ROBOT
  position: (80,5)
  kind: enemy
  health: 1500
  zone: (80,5) (0 x 5)
  behavior: agressive 
  damage: 200
  
[element]
  name: Destroyer
  skin: SKULL
  position: (74,8)
  kind: enemy
  health: 800
  zone: (74,8) (0 x 12)
  behavior: agressive 
  damage: 120

[element]
  name: Bruuce
  skin: MONSTER
  position: (54, 11)
  kind: enemy
  health: 3000
  zone: (53, 10) (3 x 5)
  behavior: stroll
  damage: 3

[element]
  name: modla
  skin: CRAB
  position: (16, 24)
  kind: enemy
  health: 15
  zone: (15, 24) (10 x 8)
  behavior: stroll
  damage: 5
  
[element]
  name: miyo
  skin: CAT
  position: (35, 32)
  kind: enemy
  health: 12
  zone: (29, 30) (6 x 5)
  behavior: stroll
  damage: 500

[element]
  name: piano
  skin: PIANO
  position: (63,38)
  kind: obstacle

[element]
  name: chair
  skin: CHAIR
  position: (54,40)
  kind: obstacle
[element]
  name: chair
  skin: CHAIR
  position: (52,40)
  kind: obstacle
[element]
  name: chair
  skin: CHAIR
  position: (54,44)
  kind: obstacle
[element]
  name: chair
  skin: CHAIR
  position: (52,44)
  kind: obstacle

[element]
  name: table
  skin: TABLE
  position: (51,41)
  kind: obstacle
[element]
  name: table
  skin: TABLE
  position: (52,41)
  kind: obstacle
[element]
  name: table
  skin: TABLE
  position: (53,41)
  kind: obstacle
[element]
  name: table
  skin: TABLE
  position: (54,41)
  kind: obstacle
[element]
  name: table
  skin: TABLE
  position: (55,41)
  kind: obstacle
[element]
  name: table
  skin: TABLE
  position: (51,43)
  kind: obstacle
[element]
  name: table
  skin: TABLE
  position: (52,43)
  kind: obstacle
[element]
  name: table
  skin: TABLE
  position: (53,43)
  kind: obstacle
[element]
  name: table
  skin: TABLE
  position: (54,43)
  kind: obstacle
[element]
  name: table
  skin: TABLE
  position: (55,43)
  kind: obstacle
  
[element]
  name: mirror
  skin: MIRROR
  position: (63,44)
  kind: obstacle
  
[element]
  name: rorrim
  skin: MIRROR
  position: (63,43)
  kind: obstacle

[element]
  name: statue
  skin: STATUE
  position: (44,40)
  kind: obstacle
[element]
  name: statue
  skin: STATUE
  position: (42,40)
  kind: obstacle

[element]
  name: statue
  skin: STATUE
  position: (34,42)
  kind: obstacle
[element]
  name: statue
  skin: STATUE
  position: (34,44)
  kind: obstacle

[element]
  name: statue
  skin: STATUE
  position: (55,35)
  kind: obstacle
[element]
  name: statue
  skin: STATUE
  position: (57,35)
  kind: obstacle

[element]
  name: bed
  skin: BED
  position: (38,45)
  kind: obstacle
[element]
  name: bed
  skin: BED
  position: (41,45)
  kind: obstacle
[element]
  name: bed
  skin: BED
  position: (44,45)
  kind: obstacle


